Microchip MPLAB XC8 Compiler V2.31

Linker command line:

-W-3 --edf=C:\Program Files\Microchip\xc8\v2.31\pic\dat\en_msgs.txt -cn \
  -h+dist/default/production\projeto2.X.production.sym \
  --cmf=dist/default/production\projeto2.X.production.cmf -z -Q16F887 \
  -oC:\Users\Jean\AppData\Local\Temp\s1c4.2 --defsym=__MPLAB_BUILD=1 \
  -Mdist/default/production/projeto2.X.production.map -E1 -ver=XC8 Compiler \
  --acfsm=1493 -ASTACK=0110h-016Fh -pstack=STACK -ACODE=00h-07FFhx4 \
  -ASTRCODE=00h-01FFFh -ASTRING=00h-0FFhx32 -ACONST=00h-0FFhx32 \
  -AENTRY=00h-0FFhx32 -ACOMMON=070h-07Fh -ABANK0=020h-06Fh \
  -ABANK1=0A0h-0EFh -ABANK2=0110h-016Fh -ABANK3=0190h-01EFh \
  -ARAM=020h-06Fh,0A0h-0EFh,0110h-016Fh,0190h-01EFh \
  -AABS1=020h-07Fh,0A0h-0EFh,0110h-016Fh,0190h-01EFh -ASFR0=00h-01Fh \
  -ASFR1=080h-09Fh -ASFR2=0100h-010Fh -ASFR3=0180h-018Fh \
  -ACONFIG=02007h-02008h -DCONFIG=2 -AIDLOC=02000h-02003h -DIDLOC=2 \
  -AEEDATA=00h-0FFh/02100h -peeprom_data=EEDATA -DEEDATA=2 -DCODE=2 \
  -DSTRCODE=2 -DSTRING=2 -DCONST=2 -DENTRY=2 \
  -preset_vec=00h,intentry=04h,init,end_init -ppowerup=CODE -pcinit=CODE \
  -pfunctab=ENTRY -k C:\Users\Jean\AppData\Local\Temp\s1c4.o \
  dist/default/production\projeto2.X.production.o 

Object code version is 3.11

Machine type is 16F887



                Name                               Link     Load   Length Selector   Space Scale
C:\Users\Jean\AppData\Local\Temp\s1c4.o
                end_init                              C        C        3        8       0
                reset_vec                             0        0        3        0       0
                config                             2007     2007        2        0       4
dist/default/production\projeto2.X.production.o
                cinit                                 F        F       1C        8       0
                intentry                              4        4        8        8       0
                config                             2007     2007        2        0       4
                text11                              EC1      EC1       25     1D82       0
                text10                              619      619       E8        8       0
                text9                               E8A      E8A       12     1D14       0
                text8                               F8F      F8F       71     1F1E       0
                text7                               F49      F49       46     1E92       0
                text6                               F0D      F0D       3C     1E1A       0
                text5                               EE6      EE6       27     1DCC       0
                text4                               7E4      7E4       14      FC8       0
                text3                               E9C      E9C       12     1D38       0
                text2                               E80      E80        A     1D00       0
                text1                               3F4      3F4      225        8       0
                maintext                             2B       2B      3C9        8       0
                cstackBANK0                          20       20       26       20       1
                cstackCOMMON                         70       70        C       70       1
                clrtext                             E78      E78        8     1CF0       0
                inittext                            EAE      EAE       13     1D5C       0
                dataBANK0                            5A       5A        8       20       1
                bssBANK0                             46       46       14       20       1
                bssCOMMON                            7C       7C        2       70       1
                strings                             701      701       E3      E02       0
                idataBANK0                          7F8      7F8        8      FC8       0

TOTAL           Name                               Link     Load   Length     Space
        CLASS   STACK          

        CLASS   CODE           
                end_init                              C        C        3         0
                cinit                                 F        F       1C         0
                intentry                              4        4        8         0
                reset_vec                             0        0        3         0
                text11                              EC1      EC1       25         0
                text10                              619      619       E8         0
                text9                               E8A      E8A       12         0
                text8                               F8F      F8F       71         0
                text7                               F49      F49       46         0
                text6                               F0D      F0D       3C         0
                text5                               EE6      EE6       27         0
                text4                               7E4      7E4       14         0
                text3                               E9C      E9C       12         0
                text2                               E80      E80        A         0
                text1                               3F4      3F4      225         0
                maintext                             2B       2B      3C9         0
                clrtext                             E78      E78        8         0
                inittext                            EAE      EAE       13         0
                idataBANK0                          7F8      7F8        8         0

        CLASS   STRCODE        

        CLASS   STRING         
                strings                             701      701       E3         0

        CLASS   CONST          

        CLASS   ENTRY          

        CLASS   COMMON         
                cstackCOMMON                         70       70        C         1
                bssCOMMON                            7C       7C        2         1

        CLASS   BANK0          
                cstackBANK0                          20       20       26         1
                dataBANK0                            5A       5A        8         1
                bssBANK0                             46       46       14         1

        CLASS   BANK1          

        CLASS   BANK2          

        CLASS   BANK3          

        CLASS   RAM            

        CLASS   ABS1           
                abs_s1                               7E       7E        2         1

        CLASS   SFR0           

        CLASS   SFR1           

        CLASS   SFR2           

        CLASS   SFR3           

        CLASS   CONFIG         
                config                             2007     2007        2         4

        CLASS   IDLOC          

        CLASS   EEDATA         



SEGMENTS        Name                           Load    Length   Top    Selector   Space  Class     Delta

                reset_vec                      000000  000003  000003         0       0  CODE        2
                intentry                       000004  0006FD  000701         8       0  CODE        2
                cstackBANK0                    000020  000042  000062        20       1  BANK0       1
                cstackCOMMON                   000070  00000E  00007E        70       1  COMMON      1
                strings                        000701  0000E3  0007E4       E02       0  STRING      2
                text4                          0007E4  00001C  000800       FC8       0  CODE        2
                clrtext                        000E78  000008  000E80      1CF0       0  CODE        2
                text2                          000E80  00000A  000E8A      1D00       0  CODE        2
                text9                          000E8A  000012  000E9C      1D14       0  CODE        2
                text3                          000E9C  000012  000EAE      1D38       0  CODE        2
                inittext                       000EAE  000013  000EC1      1D5C       0  CODE        2
                text11                         000EC1  000025  000EE6      1D82       0  CODE        2
                text5                          000EE6  000027  000F0D      1DCC       0  CODE        2
                text6                          000F0D  00003C  000F49      1E1A       0  CODE        2
                text7                          000F49  000046  000F8F      1E92       0  CODE        2
                text8                          000F8F  000071  001000      1F1E       0  CODE        2


UNUSED ADDRESS RANGES

        Name                Unused          Largest block    Delta
        BANK0            0062-006F              E           1
        BANK1            00A0-00EF             50           1
        BANK2            0110-016F             60           1
        BANK3            0190-01EF             60           1
        CODE             0003-0003              1           2
                         0800-0E77            678
                         1000-1FFF            800
        CONST            0003-0003              1           2
                         0800-0E77            100
                         1000-1FFF            100
        EEDATA           2100-21FF            100           2
        ENTRY            0003-0003              1           2
                         0800-0E77            100
                         1000-1FFF            100
        IDLOC            2000-2003              4           2
        RAM              0062-006F              E           1
                         00A0-00EF             50
                         0110-016F             60
                         0190-01EF             60
        SFR0             0000-001F             20           1
        SFR1             0080-009F             20           1
        SFR2             0100-010F             10           1
        SFR3             0180-018F             10           1
        STACK            0110-016F             60           1
        STRCODE          0003-0003              1           2
                         0800-0E77            678
                         1000-1FFF           1000
        STRING           0003-0003              1           2
                         0800-0E77            100
                         1000-1FFF            100

                                  Symbol Table

?___lwdiv                   cstackBANK0  0020
?___lwmod                   cstackBANK0  0028
?___wmul                    cstackBANK0  0020
?_printf                    cstackBANK0  002E
?i1___wmul                  cstackCOMMON 0070
Interrupt@voltage           cstackCOMMON 007A
_ADCON0bits                 (abs)        001F
_ADCON1bits                 (abs)        009F
_ADRESH                     (abs)        001E
_ADRESL                     (abs)        009E
_ANSEL                      (abs)        0188
_ANSELH                     (abs)        0189
_ANSELbits                  (abs)        0188
_INTCONbits                 (abs)        000B
_Interrupt                  text10       0619
_OPTION_REGbits             (abs)        0081
_PIE1bits                   (abs)        008C
_PIR1bits                   (abs)        000C
_PORTAbits                  (abs)        0005
_PORTB                      (abs)        0006
_PORTCbits                  (abs)        0007
_PORTD                      (abs)        0008
_RB1                        (abs)        0031
_RB2                        (abs)        0032
_T1CONbits                  (abs)        0010
_TMR1                       (abs)        000E
_TRISA                      (abs)        0085
_TRISB                      (abs)        0086
_TRISC                      (abs)        0087
_TRISD                      (abs)        0088
__Habs1                     abs1         0000
__Hbank0                    bank0        0000
__Hbank1                    bank1        0000
__Hbank2                    bank2        0000
__Hbank3                    bank3        0000
__HbssBANK0                 bssBANK0     0000
__HbssCOMMON                bssCOMMON    0000
__Hcinit                    cinit        002B
__Hclrtext                  clrtext      0000
__Hcode                     code         0000
__Hcommon                   common       0000
__Hconfig                   config       2009
__HcstackBANK0              cstackBANK0  0000
__HcstackCOMMON             cstackCOMMON 0000
__HdataBANK0                dataBANK0    0000
__Heeprom_data              eeprom_data  0000
__Hend_init                 end_init     000F
__Hfunctab                  functab      0000
__HidataBANK0               idataBANK0   0000
__Hinit                     init         000C
__Hinittext                 inittext     0000
__Hintentry                 intentry     000C
__Hmaintext                 maintext     0000
__Hpowerup                  powerup      0000
__Hram                      ram          0000
__Hreset_vec                reset_vec    0003
__Hsfr0                     sfr0         0000
__Hsfr1                     sfr1         0000
__Hsfr2                     sfr2         0000
__Hsfr3                     sfr3         0000
__Hspace_0                  (abs)        1000
__Hspace_1                  (abs)        007E
__Hspace_2                  (abs)        0000
__Hspace_3                  (abs)        0000
__Hspace_4                  (abs)        4010
__Hstack                    stack        0000
__Hstrings                  strings      0000
__Htext                     text         0000
__Labs1                     abs1         0000
__Lbank0                    bank0        0000
__Lbank1                    bank1        0000
__Lbank2                    bank2        0000
__Lbank3                    bank3        0000
__LbssBANK0                 bssBANK0     0000
__LbssCOMMON                bssCOMMON    0000
__Lcinit                    cinit        000F
__Lclrtext                  clrtext      0000
__Lcode                     code         0000
__Lcommon                   common       0000
__Lconfig                   config       0000
__LcstackBANK0              cstackBANK0  0000
__LcstackCOMMON             cstackCOMMON 0000
__LdataBANK0                dataBANK0    0000
__Leeprom_data              eeprom_data  0000
__Lend_init                 end_init     000C
__Lfunctab                  functab      0000
__LidataBANK0               idataBANK0   0000
__Linit                     init         000C
__Linittext                 inittext     0000
__Lintentry                 intentry     0004
__Lmaintext                 maintext     0000
__Lpowerup                  powerup      0000
__Lram                      ram          0000
__Lreset_vec                reset_vec    0000
__Lsfr0                     sfr0         0000
__Lsfr1                     sfr1         0000
__Lsfr2                     sfr2         0000
__Lsfr3                     sfr3         0000
__Lspace_0                  (abs)        0000
__Lspace_1                  (abs)        0000
__Lspace_2                  (abs)        0000
__Lspace_3                  (abs)        0000
__Lspace_4                  (abs)        0000
__Lstack                    stack        0000
__Lstrings                  strings      0000
__Ltext                     text         0000
__S0                        (abs)        1000
__S1                        (abs)        007E
__S2                        (abs)        0000
__S3                        (abs)        0000
___int_sp                   stack        0000
___latbits                  (abs)        0002
___lwdiv                    text7        0F49
___lwdiv@counter            cstackBANK0  0027
___lwdiv@dividend           cstackBANK0  0022
___lwdiv@divisor            cstackBANK0  0020
___lwdiv@quotient           cstackBANK0  0025
___lwmod                    text6        0F0D
___lwmod@counter            cstackBANK0  002D
___lwmod@dividend           cstackBANK0  002A
___lwmod@divisor            cstackBANK0  0028
___sp                       stack        0000
___stackhi                  (abs)        0000
___stacklo                  (abs)        0000
___wmul                     text5        0EE6
___wmul@multiplicand        cstackBANK0  0022
___wmul@multiplier          cstackBANK0  0020
___wmul@product             cstackBANK0  0024
__end_of_Interrupt          text10       0701
__end_of___lwdiv            text7        0F8F
__end_of___lwmod            text6        0F49
__end_of___wmul             text5        0F0D
__end_of__initialization    cinit        0027
__end_of__stringtab         strings      0707
__end_of_dpowers            strings      0711
__end_of_envia_lcd_comando  text9        0E9C
__end_of_envia_lcd_dado     text3        0EAE
__end_of_inicia_lcd         text8        1000
__end_of_isdigit            text4        07F8
__end_of_main               maintext     03F4
__end_of_printf             text1        0619
__end_of_putch              text2        0E8A
__end_ofi1___wmul           text11       0EE6
__initialization            cinit        000F
__pbssBANK0                 bssBANK0     0046
__pbssCOMMON                bssCOMMON    007C
__pcstackBANK0              cstackBANK0  0020
__pcstackCOMMON             cstackCOMMON 0070
__pdataBANK0                dataBANK0    005A
__pidataBANK0               idataBANK0   07F8
__pintentry                 intentry     0004
__pmaintext                 maintext     002B
__pstrings                  strings      0701
__ptext1                    text1        03F4
__ptext10                   text10       0619
__ptext11                   text11       0EC1
__ptext2                    text2        0E80
__ptext3                    text3        0E9C
__ptext4                    text4        07E4
__ptext5                    text5        0EE6
__ptext6                    text6        0F0D
__ptext7                    text7        0F49
__ptext8                    text8        0F8F
__ptext9                    text9        0E8A
__size_of_Interrupt         (abs)        0000
__size_of___lwdiv           (abs)        0000
__size_of___lwmod           (abs)        0000
__size_of___wmul            (abs)        0000
__size_of_envia_lcd_comando (abs)        0000
__size_of_envia_lcd_dado    (abs)        0000
__size_of_inicia_lcd        (abs)        0000
__size_of_isdigit           (abs)        0000
__size_of_main              (abs)        0000
__size_of_printf            (abs)        0000
__size_of_putch             (abs)        0000
__size_ofi1___wmul          (abs)        0000
__stringbase                strings      0706
__stringtab                 strings      0701
_ajustar                    bssBANK0     0046
_aquecedor                  bssBANK0     004A
_check_time                 bssBANK0     004C
_cont                       bssCOMMON    007C
_dpowers                    strings      0707
_envia_lcd_comando          text9        0E8A
_envia_lcd_dado             text3        0E9C
_flag                       bssBANK0     004E
_hora                       dataBANK0    0060
_hora_start                 dataBANK0    005E
_hora_stop                  dataBANK0    005C
_inicia_lcd                 text8        0F8F
_isdigit                    text4        07E4
_isdigit$901                cstackBANK0  0020
_main                       maintext     002B
_max_temp                   dataBANK0    005A
_min                        bssBANK0     0056
_min_start                  bssBANK0     0054
_min_stop                   bssBANK0     0052
_nivel                      bssBANK0     0048
_printf                     text1        03F4
_putch                      text2        0E80
_seg                        bssBANK0     0058
_temp                       bssBANK0     0050
btemp                       (abs)        007E
clear_ram0                  clrtext      0E78
end_of_initialization       cinit        0027
envia_lcd_comando@RS        cstackBANK0  0021
envia_lcd_dado@valor        cstackBANK0  0021
i1___wmul                   text11       0EC1
i1___wmul@multiplicand      cstackCOMMON 0072
i1___wmul@multiplier        cstackCOMMON 0070
i1___wmul@product           cstackCOMMON 0074
init_fetch0                 inittext     0EAE
init_ram0                   inittext     0EB2
interrupt_function          intentry     0004
intlevel0                   functab      0000
intlevel1                   functab      0000
intlevel2                   functab      0000
intlevel3                   functab      0000
intlevel4                   functab      0000
intlevel5                   functab      0000
isdigit@c                   cstackBANK0  0021
printf@ap                   cstackBANK0  0039
printf@c                    cstackBANK0  0042
printf@cp                   cstackBANK0  0037
printf@f                    cstackBANK0  0041
printf@flag                 cstackBANK0  003E
printf@len                  cstackBANK0  003A
printf@prec                 cstackBANK0  0038
printf@val                  cstackBANK0  003C
printf@width                cstackBANK0  003F
putch@p                     cstackBANK0  0022
reset_vec                   reset_vec    0000
saved_w                     (abs)        007E
start                       init         000C
start_initialization        cinit        000F
wtemp0                      (abs)        007E


FUNCTION INFORMATION:

 *************** function _main *****************
 Defined at:
		line 50 in file "main.c"
 Parameters:    Size  Location     Type
		None
 Auto vars:     Size  Location     Type
		None
 Return value:  Size  Location     Type
                  1    wreg      void 
 Registers used:
		wreg, fsr0l, fsr0h, status,2, status,0, btemp+1, pclath, cstack
 Tracked objects:
		On entry : 
		On exit  : 
		Unchanged: 
 Data sizes:     COMMON   BANK0   BANK1   BANK3   BANK2
      Params:         0       0       0       0       0
      Locals:         0       0       0       0       0
      Temps:          0       3       0       0       0
      Totals:         0       3       0       0       0
Total ram usage:        3 bytes
 Hardware stack levels required when called:    5
 This function calls:
		_envia_lcd_comando
		_inicia_lcd
		_printf
 This function is called by:
		Startup code after reset
 This function uses a non-reentrant model


 *************** function _printf *****************
 Defined at:
		line 477 in file "C:\Program Files\Microchip\xc8\v2.31\pic\sources\c90\common\doprnt.c"
 Parameters:    Size  Location     Type
  f               1    wreg     PTR const unsigned char 
		 -> STR_12(19), STR_11(17), STR_10(19), STR_9(17), 
		 -> STR_8(23), STR_7(18), STR_6(19), STR_5(18), 
		 -> STR_4(23), STR_3(21), STR_2(18), STR_1(18), 
 Auto vars:     Size  Location     Type
  f               1   33[BANK0 ] PTR const unsigned char 
		 -> STR_12(19), STR_11(17), STR_10(19), STR_9(17), 
		 -> STR_8(23), STR_7(18), STR_6(19), STR_5(18), 
		 -> STR_4(23), STR_3(21), STR_2(18), STR_1(18), 
  tmpval          4    0        struct .
  width           2   31[BANK0 ] int 
  val             2   28[BANK0 ] unsigned int 
  len             2   26[BANK0 ] unsigned int 
  c               1   34[BANK0 ] unsigned char 
  flag            1   30[BANK0 ] unsigned char 
  ap              1   25[BANK0 ] PTR void [1]
		 -> ?_printf(2), 
  prec            1   24[BANK0 ] char 
  cp              1   23[BANK0 ] PTR const unsigned char 
		 -> printf@c(1), 
 Return value:  Size  Location     Type
                  2   14[BANK0 ] int 
 Registers used:
		wreg, fsr0l, fsr0h, status,2, status,0, btemp+1, pclath, cstack
 Tracked objects:
		On entry : 
		On exit  : 
		Unchanged: 
 Data sizes:     COMMON   BANK0   BANK1   BANK3   BANK2
      Params:         0       6       0       0       0
      Locals:         0      12       0       0       0
      Temps:          0       3       0       0       0
      Totals:         0      21       0       0       0
Total ram usage:       21 bytes
 Hardware stack levels used:    1
 Hardware stack levels required when called:    4
 This function calls:
		___lwdiv
		___lwmod
		___wmul
		_isdigit
		_putch
 This function is called by:
		_main
 This function uses a non-reentrant model


 *************** function _putch *****************
 Defined at:
		line 325 in file "main.c"
 Parameters:    Size  Location     Type
  p               1    wreg     unsigned char 
 Auto vars:     Size  Location     Type
  p               1    2[BANK0 ] unsigned char 
 Return value:  Size  Location     Type
                  1    wreg      void 
 Registers used:
		wreg, status,2, status,0, pclath, cstack
 Tracked objects:
		On entry : 
		On exit  : 
		Unchanged: 
 Data sizes:     COMMON   BANK0   BANK1   BANK3   BANK2
      Params:         0       0       0       0       0
      Locals:         0       1       0       0       0
      Temps:          0       0       0       0       0
      Totals:         0       1       0       0       0
Total ram usage:        1 bytes
 Hardware stack levels used:    1
 Hardware stack levels required when called:    3
 This function calls:
		_envia_lcd_dado
 This function is called by:
		_printf
 This function uses a non-reentrant model


 *************** function _envia_lcd_dado *****************
 Defined at:
		line 318 in file "main.c"
 Parameters:    Size  Location     Type
  valor           1    wreg     unsigned char 
 Auto vars:     Size  Location     Type
  valor           1    1[BANK0 ] unsigned char 
 Return value:  Size  Location     Type
                  1    wreg      void 
 Registers used:
		wreg
 Tracked objects:
		On entry : 
		On exit  : 
		Unchanged: 
 Data sizes:     COMMON   BANK0   BANK1   BANK3   BANK2
      Params:         0       0       0       0       0
      Locals:         0       1       0       0       0
      Temps:          0       1       0       0       0
      Totals:         0       2       0       0       0
Total ram usage:        2 bytes
 Hardware stack levels used:    1
 Hardware stack levels required when called:    2
 This function calls:
		Nothing
 This function is called by:
		_putch
 This function uses a non-reentrant model


 *************** function _isdigit *****************
 Defined at:
		line 8 in file "C:\Program Files\Microchip\xc8\v2.31\pic\sources\c90\common\isdigit.c"
 Parameters:    Size  Location     Type
  c               1    wreg     unsigned char 
 Auto vars:     Size  Location     Type
  c               1    1[BANK0 ] unsigned char 
 Return value:  Size  Location     Type
		None               void
 Registers used:
		wreg, status,2, status,0
 Tracked objects:
		On entry : 
		On exit  : 
		Unchanged: 
 Data sizes:     COMMON   BANK0   BANK1   BANK3   BANK2
      Params:         0       0       0       0       0
      Locals:         0       2       0       0       0
      Temps:          0       0       0       0       0
      Totals:         0       2       0       0       0
Total ram usage:        2 bytes
 Hardware stack levels used:    1
 Hardware stack levels required when called:    2
 This function calls:
		Nothing
 This function is called by:
		_printf
 This function uses a non-reentrant model


 *************** function ___wmul *****************
 Defined at:
		line 15 in file "C:\Program Files\Microchip\xc8\v2.31\pic\sources\c90\common\Umul16.c"
 Parameters:    Size  Location     Type
  multiplier      2    0[BANK0 ] unsigned int 
  multiplicand    2    2[BANK0 ] unsigned int 
 Auto vars:     Size  Location     Type
  product         2    4[BANK0 ] unsigned int 
 Return value:  Size  Location     Type
                  2    0[BANK0 ] unsigned int 
 Registers used:
		wreg, status,2, status,0
 Tracked objects:
		On entry : 
		On exit  : 
		Unchanged: 
 Data sizes:     COMMON   BANK0   BANK1   BANK3   BANK2
      Params:         0       4       0       0       0
      Locals:         0       2       0       0       0
      Temps:          0       0       0       0       0
      Totals:         0       6       0       0       0
Total ram usage:        6 bytes
 Hardware stack levels used:    1
 Hardware stack levels required when called:    2
 This function calls:
		Nothing
 This function is called by:
		_printf
 This function uses a non-reentrant model


 *************** function ___lwmod *****************
 Defined at:
		line 5 in file "C:\Program Files\Microchip\xc8\v2.31\pic\sources\c90\common\lwmod.c"
 Parameters:    Size  Location     Type
  divisor         2    8[BANK0 ] unsigned int 
  dividend        2   10[BANK0 ] unsigned int 
 Auto vars:     Size  Location     Type
  counter         1   13[BANK0 ] unsigned char 
 Return value:  Size  Location     Type
                  2    8[BANK0 ] unsigned int 
 Registers used:
		wreg, status,2, status,0
 Tracked objects:
		On entry : 
		On exit  : 
		Unchanged: 
 Data sizes:     COMMON   BANK0   BANK1   BANK3   BANK2
      Params:         0       4       0       0       0
      Locals:         0       1       0       0       0
      Temps:          0       1       0       0       0
      Totals:         0       6       0       0       0
Total ram usage:        6 bytes
 Hardware stack levels used:    1
 Hardware stack levels required when called:    2
 This function calls:
		Nothing
 This function is called by:
		_printf
 This function uses a non-reentrant model


 *************** function ___lwdiv *****************
 Defined at:
		line 5 in file "C:\Program Files\Microchip\xc8\v2.31\pic\sources\c90\common\lwdiv.c"
 Parameters:    Size  Location     Type
  divisor         2    0[BANK0 ] unsigned int 
  dividend        2    2[BANK0 ] unsigned int 
 Auto vars:     Size  Location     Type
  quotient        2    5[BANK0 ] unsigned int 
  counter         1    7[BANK0 ] unsigned char 
 Return value:  Size  Location     Type
                  2    0[BANK0 ] unsigned int 
 Registers used:
		wreg, status,2, status,0
 Tracked objects:
		On entry : 
		On exit  : 
		Unchanged: 
 Data sizes:     COMMON   BANK0   BANK1   BANK3   BANK2
      Params:         0       4       0       0       0
      Locals:         0       3       0       0       0
      Temps:          0       1       0       0       0
      Totals:         0       8       0       0       0
Total ram usage:        8 bytes
 Hardware stack levels used:    1
 Hardware stack levels required when called:    2
 This function calls:
		Nothing
 This function is called by:
		_printf
 This function uses a non-reentrant model


 *************** function _inicia_lcd *****************
 Defined at:
		line 290 in file "main.c"
 Parameters:    Size  Location     Type
		None
 Auto vars:     Size  Location     Type
		None
 Return value:  Size  Location     Type
                  1    wreg      void 
 Registers used:
		wreg, status,2, status,0, pclath, cstack
 Tracked objects:
		On entry : 
		On exit  : 
		Unchanged: 
 Data sizes:     COMMON   BANK0   BANK1   BANK3   BANK2
      Params:         0       0       0       0       0
      Locals:         0       0       0       0       0
      Temps:          0       2       0       0       0
      Totals:         0       2       0       0       0
Total ram usage:        2 bytes
 Hardware stack levels used:    1
 Hardware stack levels required when called:    3
 This function calls:
		_envia_lcd_comando
 This function is called by:
		_main
 This function uses a non-reentrant model


 *************** function _envia_lcd_comando *****************
 Defined at:
		line 311 in file "main.c"
 Parameters:    Size  Location     Type
  RS              1    wreg     unsigned char 
 Auto vars:     Size  Location     Type
  RS              1    1[BANK0 ] unsigned char 
 Return value:  Size  Location     Type
                  1    wreg      void 
 Registers used:
		wreg
 Tracked objects:
		On entry : 
		On exit  : 
		Unchanged: 
 Data sizes:     COMMON   BANK0   BANK1   BANK3   BANK2
      Params:         0       0       0       0       0
      Locals:         0       1       0       0       0
      Temps:          0       1       0       0       0
      Totals:         0       2       0       0       0
Total ram usage:        2 bytes
 Hardware stack levels used:    1
 Hardware stack levels required when called:    2
 This function calls:
		Nothing
 This function is called by:
		_main
		_inicia_lcd
 This function uses a non-reentrant model


 *************** function _Interrupt *****************
 Defined at:
		line 234 in file "main.c"
 Parameters:    Size  Location     Type
		None
 Auto vars:     Size  Location     Type
  voltage         2   10[COMMON] unsigned int 
 Return value:  Size  Location     Type
                  1    wreg      void 
 Registers used:
		wreg, status,2, status,0, pclath, cstack
 Tracked objects:
		On entry : 
		On exit  : 
		Unchanged: 
 Data sizes:     COMMON   BANK0   BANK1   BANK3   BANK2
      Params:         0       0       0       0       0
      Locals:         2       0       0       0       0
      Temps:          4       0       0       0       0
      Totals:         6       0       0       0       0
Total ram usage:        6 bytes
 Hardware stack levels used:    1
 Hardware stack levels required when called:    1
 This function calls:
		i1___wmul
 This function is called by:
		Interrupt level 1
 This function uses a non-reentrant model


 *************** function i1___wmul *****************
 Defined at:
		line 15 in file "C:\Program Files\Microchip\xc8\v2.31\pic\sources\c90\common\Umul16.c"
 Parameters:    Size  Location     Type
  multiplier      2    0[COMMON] unsigned int 
  multiplicand    2    2[COMMON] unsigned int 
 Auto vars:     Size  Location     Type
  product         2    4[COMMON] unsigned int 
 Return value:  Size  Location     Type
                  2    0[COMMON] unsigned int 
 Registers used:
		wreg, status,2, status,0
 Tracked objects:
		On entry : 
		On exit  : 
		Unchanged: 
 Data sizes:     COMMON   BANK0   BANK1   BANK3   BANK2
      Params:         4       0       0       0       0
      Locals:         2       0       0       0       0
      Temps:          0       0       0       0       0
      Totals:         6       0       0       0       0
Total ram usage:        6 bytes
 Hardware stack levels used:    1
 This function calls:
		Nothing
 This function is called by:
		_Interrupt
 This function uses a non-reentrant model



MODULE INFORMATION

Module		Function		Class		Link	Load	Size
C:\Program Files\Microchip\xc8\v2.31\pic\sources\c90\common\doprnt.c
		_printf        		CODE           	03F4	0000	549

C:\Program Files\Microchip\xc8\v2.31\pic\sources\c90\common\doprnt.c estimated size: 549

C:\Program Files\Microchip\xc8\v2.31\pic\sources\c90\common\lwmod.c
		___lwmod       		CODE           	0F0D	0000	60

C:\Program Files\Microchip\xc8\v2.31\pic\sources\c90\common\lwmod.c estimated size: 60

C:\Program Files\Microchip\xc8\v2.31\pic\sources\c90\common\Umul16.c
		___wmul        		CODE           	0EE6	0000	39

C:\Program Files\Microchip\xc8\v2.31\pic\sources\c90\common\Umul16.c estimated size: 39

C:\Program Files\Microchip\xc8\v2.31\pic\sources\c90\common\isdigit.c
		_isdigit       		CODE           	07E4	0000	20

C:\Program Files\Microchip\xc8\v2.31\pic\sources\c90\common\isdigit.c estimated size: 20

C:\Program Files\Microchip\xc8\v2.31\pic\sources\c90\common\lwdiv.c
		___lwdiv       		CODE           	0F49	0000	70

C:\Program Files\Microchip\xc8\v2.31\pic\sources\c90\common\lwdiv.c estimated size: 70

shared
		__stringtab    		STRING         	0701	0000	6
		_dpowers       		STRING         	0707	0000	10
		i1___wmul      		CODE           	0EC1	0000	37
		__initialization		CODE           	000F	0000	24

shared estimated size: 77

main.c
		_putch         		CODE           	0E80	0000	10
		_Interrupt     		CODE           	0619	0000	232
		_main          		CODE           	002B	0000	969
		_inicia_lcd    		CODE           	0F8F	0000	113
		_envia_lcd_dado		CODE           	0E9C	0000	18
		_envia_lcd_comando		CODE           	0E8A	0000	18

main.c estimated size: 1360

